BL51 BANKED LINKER/LOCATER V6.22.2.0                                                    01/31/2019  22:28:23  PAGE 1


BL51 BANKED LINKER/LOCATER V6.22.2.0, INVOKED BY:
D:\KEIL C51\C51\BIN\BL51.EXE ..\Output\main.obj, ..\Output\delay.obj, ..\Output\uart.obj, ..\Output\mqtt.obj TO ..\Outpu
>> t\GPRS≤‚ ‘≥Ã–Ú£®∂ØÃ¨IP£© PRINT (..\Listing\GPRS≤‚ ‘≥Ã–Ú£®∂ØÃ¨IP£©.m51) RAMSIZE (256)


MEMORY MODEL: SMALL


INPUT MODULES INCLUDED:
  ..\Output\main.obj (MAIN)
  ..\Output\delay.obj (DELAY)
  ..\Output\uart.obj (UART)
  ..\Output\mqtt.obj (MQTT)
  D:\KEIL C51\C51\LIB\C51S.LIB (?C_STARTUP)
  D:\KEIL C51\C51\LIB\C51S.LIB (?C?CLDPTR)
  D:\KEIL C51\C51\LIB\C51S.LIB (?C?CLDOPTR)
  D:\KEIL C51\C51\LIB\C51S.LIB (STRLEN)
  D:\KEIL C51\C51\LIB\C51S.LIB (STRSTR)
  D:\KEIL C51\C51\LIB\C51S.LIB (?C_INIT)


LINK MAP OF MODULE:  ..\Output\GPRS≤‚ ‘≥Ã–Ú£®∂ØÃ¨IP£© (MAIN)


            TYPE    BASE      LENGTH    RELOCATION   SEGMENT NAME
            -----------------------------------------------------

            * * * * * * *   D A T A   M E M O R Y   * * * * * * *
            REG     0000H     0008H     ABSOLUTE     "REG BANK 0"
            DATA    0008H     000BH     UNIT         ?DT?MAIN
                    0013H     000DH                  *** GAP ***
            DATA    0020H     0001H     BIT_ADDR     ?BA?MAIN
            BIT     0021H.0   0000H.1   UNIT         ?BI?MAIN
                    0021H.1   0000H.7                *** GAP ***
            DATA    0022H     001EH     UNIT         ?DT?MQTT
            DATA    0040H     001AH     UNIT         _DATA_GROUP_
            IDATA   005AH     0001H     UNIT         ?STACK

            * * * * * * *  X D A T A   M E M O R Y  * * * * * * *
            XDATA   0000H     0104H     UNIT         ?XD?MAIN
            XDATA   0104H     0019H     UNIT         ?XD?MQTT

            * * * * * * *   C O D E   M E M O R Y   * * * * * * *
            CODE    0000H     0003H     ABSOLUTE     
                    0003H     0008H                  *** GAP ***
            CODE    000BH     0003H     ABSOLUTE     
            CODE    000EH     0015H     UNIT         ?PR?SET_ATE0?MAIN
            CODE    0023H     0003H     ABSOLUTE     
            CODE    0026H     0017H     UNIT         ?PR?_DELAY_MS?DELAY
                    003DH     0006H                  *** GAP ***
            CODE    0043H     0003H     ABSOLUTE     
            CODE    0046H     0160H     UNIT         ?CO?MAIN
            CODE    01A6H     011EH     UNIT         ?PR?MAIN?MAIN
            CODE    02C4H     00DFH     UNIT         ?PR?_PUBLISH_MSG?MQTT
            CODE    03A3H     00BBH     UNIT         ?PR?CONNECT_SERVER?MAIN
            CODE    045EH     008CH     UNIT         ?C_C51STARTUP
            CODE    04EAH     0083H     UNIT         ?PR?_SUBSCRIBE_TOPIC?MQTT
            CODE    056DH     0082H     UNIT         ?PR?_STRSTR?STRSTR
BL51 BANKED LINKER/LOCATER V6.22.2.0                                                  01/31/2019  22:28:23  PAGE 2


            CODE    05EFH     007AH     UNIT         ?PR?REC_SERVER_DATA?MAIN
            CODE    0669H     0074H     UNIT         ?PR?UART2?MAIN
            CODE    06DDH     006CH     UNIT         ?PR?TIMER0_ISR?MAIN
            CODE    0749H     0069H     UNIT         ?PR?WAIT_CREG?MAIN
            CODE    07B2H     0068H     UNIT         ?PR?_SECOND_AT_COMMAND?MAIN
            CODE    081AH     005EH     UNIT         ?C_INITSEG
            CODE    0878H     0046H     UNIT         ?C?LIB_CODE
            CODE    08BEH     002EH     UNIT         ?PR?CONNECT_MQTT?MQTT
            CODE    08ECH     0025H     UNIT         ?PR?_UART1_SENDSTRING?UART
            CODE    0911H     0025H     UNIT         ?PR?_UART2_SENDSTRING?UART
            CODE    0936H     0021H     UNIT         ?PR?SEND_HEART?MQTT
            CODE    0957H     0020H     UNIT         ?PR?_FIND?MAIN
            CODE    0977H     0016H     UNIT         ?PR?TIMER0INIT?MAIN
            CODE    098DH     0016H     UNIT         ?PR?UART2INIT?UART
            CODE    09A3H     0015H     UNIT         ?PR?UART1INIT?UART
            CODE    09B8H     0015H     UNIT         ?PR?_STRLEN?STRLEN
            CODE    09CDH     0014H     UNIT         ?PR?_UART2_SENDDATA?UART
            CODE    09E1H     0010H     UNIT         ?PR?CLR_BUF2?MAIN
            CODE    09F1H     000CH     UNIT         ?PR?_UART1_SENDDATA?UART
            CODE    09FDH     000BH     UNIT         ?PR?UART1?MAIN
            CODE    0A08H     000BH     UNIT         ?PR?GPIO_CONFIG?MAIN
            CODE    0A13H     000AH     UNIT         ?PR?SEND_OK?MAIN



OVERLAY MAP OF MODULE:   ..\Output\GPRS≤‚ ‘≥Ã–Ú£®∂ØÃ¨IP£© (MAIN)


SEGMENT                               DATA_GROUP 
  +--> CALLED SEGMENT               START    LENGTH
---------------------------------------------------
?PR?UART2?MAIN                      -----    -----
  +--> ?PR?_UART1_SENDDATA?UART

*** NEW ROOT ***************************************************

?C_C51STARTUP                       -----    -----
  +--> ?PR?MAIN?MAIN
  +--> ?C_INITSEG

?PR?MAIN?MAIN                       -----    -----
  +--> ?PR?GPIO_CONFIG?MAIN
  +--> ?PR?UART1INIT?UART
  +--> ?PR?UART2INIT?UART
  +--> ?PR?TIMER0INIT?MAIN
  +--> ?CO?MAIN
  +--> ?PR?_UART1_SENDSTRING?UART
  +--> ?PR?WAIT_CREG?MAIN
  +--> ?PR?SET_ATE0?MAIN
  +--> ?PR?CONNECT_SERVER?MAIN
  +--> ?PR?_DELAY_MS?DELAY
  +--> ?PR?CONNECT_MQTT?MQTT
  +--> ?PR?_UART1_SENDDATA?UART
  +--> ?PR?CLR_BUF2?MAIN
  +--> ?PR?_STRLEN?STRLEN
  +--> ?PR?_SUBSCRIBE_TOPIC?MQTT
  +--> ?PR?_PUBLISH_MSG?MQTT
BL51 BANKED LINKER/LOCATER V6.22.2.0                                                  01/31/2019  22:28:23  PAGE 3



?PR?_UART1_SENDSTRING?UART          0041H    0003H
  +--> ?PR?_UART1_SENDDATA?UART

?PR?WAIT_CREG?MAIN                  0040H    0001H
  +--> ?PR?CLR_BUF2?MAIN
  +--> ?CO?MAIN
  +--> ?PR?_UART2_SENDSTRING?UART
  +--> ?PR?_UART2_SENDDATA?UART
  +--> ?PR?_DELAY_MS?DELAY
  +--> ?PR?_UART1_SENDSTRING?UART

?PR?_UART2_SENDSTRING?UART          0041H    0003H
  +--> ?PR?_UART2_SENDDATA?UART

?PR?SET_ATE0?MAIN                   -----    -----
  +--> ?CO?MAIN
  +--> ?PR?_SECOND_AT_COMMAND?MAIN

?PR?_SECOND_AT_COMMAND?MAIN         0040H    000BH
  +--> ?PR?CLR_BUF2?MAIN
  +--> ?PR?_FIND?MAIN
  +--> ?PR?_UART2_SENDDATA?UART

?PR?_FIND?MAIN                      004BH    0003H
  +--> ?PR?_STRSTR?STRSTR

?PR?_STRSTR?STRSTR                  004EH    000CH

?PR?CONNECT_SERVER?MAIN             -----    -----
  +--> ?CO?MAIN
  +--> ?PR?_UART2_SENDSTRING?UART
  +--> ?PR?_SECOND_AT_COMMAND?MAIN
  +--> ?PR?_DELAY_MS?DELAY
  +--> ?PR?CLR_BUF2?MAIN

?PR?CONNECT_MQTT?MQTT               -----    -----
  +--> ?PR?_UART2_SENDDATA?UART
  +--> ?PR?_DELAY_MS?DELAY

?PR?_SUBSCRIBE_TOPIC?MQTT           0040H    0003H
  +--> ?PR?_UART2_SENDDATA?UART
  +--> ?PR?_DELAY_MS?DELAY

?PR?_PUBLISH_MSG?MQTT               0040H    000AH
  +--> ?PR?_UART2_SENDDATA?UART

?C_INITSEG                          -----    -----
  +--> ?CO?MAIN



SYMBOL TABLE OF MODULE:  ..\Output\GPRS≤‚ ‘≥Ã–Ú£®∂ØÃ¨IP£© (MAIN)

  VALUE           TYPE          NAME
  ----------------------------------

BL51 BANKED LINKER/LOCATER V6.22.2.0                                                  01/31/2019  22:28:23  PAGE 4


  -------         MODULE        MAIN
  C:0000H         SYMBOL        _ICE_DUMMY_
  B:0021H.0       PUBLIC        Show_Flag
  D:00B2H         PUBLIC        P3M0
  D:00B1H         PUBLIC        P3M1
  D:00A0H         PUBLIC        P2
  C:0957H         PUBLIC        _Find
  D:00B0H         PUBLIC        P3
  C:06DDH         PUBLIC        Timer0_ISR
  D:0009H         PUBLIC        Times
  B:00A8H.7       PUBLIC        EA
  C:0A13H         PUBLIC        Send_OK
  C:0A08H         PUBLIC        GPIO_config
  B:00A0H.1       PUBLIC        RUNING_LED
  D:00A8H         PUBLIC        IE
  C:09E1H         PUBLIC        CLR_Buf2
  D:000AH         PUBLIC        Heartbeat
  D:000CH         PUBLIC        First_Int
  C:000EH         PUBLIC        Set_ATE0
  D:00B8H         PUBLIC        IP
  C:0749H         PUBLIC        Wait_CREG
  D:000DH         PUBLIC        string
  B:0098H.0       PUBLIC        RI
  B:0098H.1       PUBLIC        TI
  D:00D8H         PUBLIC        CCON
  C:01A6H         PUBLIC        main
  C:03A3H         PUBLIC        Connect_Server
  D:0098H         PUBLIC        SCON
  D:0089H         PUBLIC        TMOD
  D:0088H         PUBLIC        TCON
  D:00AFH         PUBLIC        IE2
  D:008EH         PUBLIC        AUXR
  B:0020H.0       PUBLIC        Timer0_start
  B:00A8H.1       PUBLIC        ET0
  B:0088H.5       PUBLIC        TF0
  C:0977H         PUBLIC        Timer0Init
  D:008CH         PUBLIC        TH0
  X:0000H         PUBLIC        Uart1_Buf
  C:09FDH         PUBLIC        Uart1
  X:003CH         PUBLIC        Uart2_Buf
  C:0669H         PUBLIC        Uart2
  D:008AH         PUBLIC        TL0
  C:05EFH         PUBLIC        Rec_Server_Data
  B:00B0H.3       PUBLIC        LED
  B:0088H.4       PUBLIC        TR0
  D:009BH         PUBLIC        S2BUF
  D:009AH         PUBLIC        S2CON
  D:0010H         PUBLIC        i
  D:0012H         PUBLIC        shijian
  B:0020H.1       PUBLIC        Heart_beat
  C:07B2H         PUBLIC        _Second_AT_Command
  D:00D0H         PUBLIC        PSW
  D:0020H         PUBLIC        Flag
  -------         PROC          MAIN
  C:01A6H         LINE#         62
  C:01A6H         LINE#         63
  C:01A6H         LINE#         64
BL51 BANKED LINKER/LOCATER V6.22.2.0                                                  01/31/2019  22:28:23  PAGE 5


  C:01A9H         LINE#         65
  C:01ACH         LINE#         66
  C:01AFH         LINE#         67
  C:01B2H         LINE#         68
  C:01B4H         LINE#         69
  C:01BDH         LINE#         70
  C:01C6H         LINE#         71
  C:01C9H         LINE#         72
  C:01D2H         LINE#         73
  C:01DBH         LINE#         74
  C:01DEH         LINE#         75
  C:01E1H         LINE#         76
  C:01EAH         LINE#         77
  C:01F1H         LINE#         78
  C:01F4H         LINE#         79
  C:0204H         LINE#         80
  C:021FH         LINE#         81
  C:0222H         LINE#         82
  C:0238H         LINE#         83
  C:0248H         LINE#         84
  C:0263H         LINE#         85
  C:0266H         LINE#         86
  C:0268H         LINE#         87
  C:0268H         LINE#         88
  C:0268H         LINE#         89
  C:0284H         LINE#         90
  C:028BH         LINE#         91
  C:02BBH         LINE#         92
  C:02C2H         LINE#         93
  -------         ENDPROC       MAIN
  -------         PROC          UART1
  C:09FDH         LINE#         105
  C:09FDH         LINE#         107
  C:0A00H         LINE#         108
  C:0A00H         LINE#         109
  C:0A02H         LINE#         110
  C:0A02H         LINE#         111
  C:0A05H         LINE#         112
  C:0A05H         LINE#         113
  C:0A07H         LINE#         114
  C:0A07H         LINE#         115
  -------         ENDPROC       UART1
  -------         PROC          UART2
  C:0669H         LINE#         125
  C:0686H         LINE#         127
  C:0689H         LINE#         128
  C:068EH         LINE#         129
  C:068EH         LINE#         130
  C:0691H         LINE#         131
  C:069FH         LINE#         132
  C:06A1H         LINE#         133
  C:06ACH         LINE#         134
  C:06ACH         LINE#         135
  C:06AFH         LINE#         136
  C:06AFH         LINE#         137
  C:06B2H         LINE#         138
  C:06B7H         LINE#         139
BL51 BANKED LINKER/LOCATER V6.22.2.0                                                  01/31/2019  22:28:23  PAGE 6


  C:06B7H         LINE#         140
  C:06BCH         LINE#         141
  C:06BCH         LINE#         142
  C:06BFH         LINE#         143
  C:06BFH         LINE#         144
  C:06C2H         LINE#         145
  -------         ENDPROC       UART2
  -------         PROC          TIMER0_ISR
  -------         DO            
  D:0008H         SYMBOL        Time_count
  -------         ENDDO         
  C:06DDH         LINE#         154
  C:06EAH         LINE#         157
  C:06ECH         LINE#         158
  C:06EFH         LINE#         159
  C:06F2H         LINE#         160
  C:06F4H         LINE#         161
  C:06FFH         LINE#         162
  C:06FFH         LINE#         163
  C:0702H         LINE#         164
  C:0704H         LINE#         165
  C:0704H         LINE#         166
  C:070CH         LINE#         167
  C:0715H         LINE#         168
  C:0715H         LINE#         169
  C:071BH         LINE#         170
  C:071DH         LINE#         171
  C:071DH         LINE#         172
  C:0720H         LINE#         173
  C:0722H         LINE#         174
  C:0737H         LINE#         175
  C:0737H         LINE#         176
  C:0739H         LINE#         177
  C:073CH         LINE#         178
  C:073CH         LINE#         179
  C:073EH         LINE#         180
  -------         ENDPROC       TIMER0_ISR
  -------         PROC          GPIO_CONFIG
  C:0A08H         LINE#         189
  C:0A08H         LINE#         190
  C:0A08H         LINE#         191
  C:0A0BH         LINE#         192
  C:0A0EH         LINE#         193
  C:0A10H         LINE#         194
  C:0A12H         LINE#         195
  -------         ENDPROC       GPIO_CONFIG
  -------         PROC          TIMER0INIT
  C:0977H         LINE#         205
  C:0977H         LINE#         206
  C:0977H         LINE#         207
  C:097AH         LINE#         208
  C:097DH         LINE#         209
  C:0980H         LINE#         210
  C:0983H         LINE#         211
  C:0986H         LINE#         212
  C:0988H         LINE#         213
  C:098AH         LINE#         214
BL51 BANKED LINKER/LOCATER V6.22.2.0                                                  01/31/2019  22:28:23  PAGE 7


  C:098CH         LINE#         215
  -------         ENDPROC       TIMER0INIT
  -------         PROC          CLR_BUF2
  -------         DO            
  D:0006H         SYMBOL        k
  -------         ENDDO         
  C:09E1H         LINE#         226
  C:09E1H         LINE#         227
  C:09E1H         LINE#         229
  C:09E3H         LINE#         230
  C:09E3H         LINE#         231
  C:09EDH         LINE#         232
  C:09EDH         LINE#         233
  C:09F0H         LINE#         234
  -------         ENDPROC       CLR_BUF2
  -------         PROC          WAIT_CREG
  -------         DO            
  D:0040H         SYMBOL        i
  D:0007H         SYMBOL        k
  -------         ENDDO         
  C:0749H         LINE#         244
  C:0749H         LINE#         245
  C:0749H         LINE#         248
  C:074CH         LINE#         249
  C:074FH         LINE#         250
  C:0753H         LINE#         251
  C:0753H         LINE#         252
  C:0756H         LINE#         253
  C:075FH         LINE#         254
  C:0769H         LINE#         255
  C:0770H         LINE#         256
  C:077CH         LINE#         257
  C:077CH         LINE#         258
  C:078AH         LINE#         259
  C:078AH         LINE#         260
  C:079EH         LINE#         261
  C:079EH         LINE#         262
  C:07A1H         LINE#         263
  C:07A3H         LINE#         264
  C:07A3H         LINE#         265
  C:07A3H         LINE#         266
  C:07A6H         LINE#         267
  C:07AFH         LINE#         268
  C:07B1H         LINE#         269
  -------         ENDPROC       WAIT_CREG
  -------         PROC          _FIND
  D:004BH         SYMBOL        a
  C:0957H         LINE#         280
  C:095DH         LINE#         281
  C:095DH         LINE#         282
  C:0971H         LINE#         283
  C:0974H         LINE#         285
  C:0976H         LINE#         286
  -------         ENDPROC       _FIND
  -------         PROC          _SECOND_AT_COMMAND
  D:0040H         SYMBOL        b
  D:0043H         SYMBOL        a
BL51 BANKED LINKER/LOCATER V6.22.2.0                                                  01/31/2019  22:28:23  PAGE 8


  D:0046H         SYMBOL        wait_time
  -------         DO            
  D:0047H         SYMBOL        i
  D:0048H         SYMBOL        c
  -------         ENDDO         
  C:07B2H         LINE#         297
  C:07B8H         LINE#         298
  C:07B8H         LINE#         301
  C:07BEH         LINE#         302
  C:07C1H         LINE#         303
  C:07C4H         LINE#         304
  C:07C8H         LINE#         305
  C:07C8H         LINE#         306
  C:07D4H         LINE#         307
  C:07D4H         LINE#         308
  C:07D7H         LINE#         309
  C:07D7H         LINE#         310
  C:07E0H         LINE#         311
  C:07ECH         LINE#         312
  C:07ECH         LINE#         313
  C:07EFH         LINE#         314
  C:07FCH         LINE#         315
  C:0806H         LINE#         316
  C:0809H         LINE#         317
  C:080CH         LINE#         318
  C:080EH         LINE#         319
  C:080EH         LINE#         320
  C:0810H         LINE#         322
  C:0810H         LINE#         323
  C:0813H         LINE#         324
  C:0815H         LINE#         325
  C:0815H         LINE#         326
  C:0817H         LINE#         327
  -------         ENDPROC       _SECOND_AT_COMMAND
  -------         PROC          SET_ATE0
  C:000EH         LINE#         338
  C:000EH         LINE#         339
  C:000EH         LINE#         340
  -------         ENDPROC       SET_ATE0
  -------         PROC          CONNECT_SERVER
  C:03A3H         LINE#         350
  C:03A3H         LINE#         351
  C:03A3H         LINE#         352
  C:03ACH         LINE#         353
  C:03C1H         LINE#         354
  C:03D6H         LINE#         355
  C:03EBH         LINE#         356
  C:0400H         LINE#         357
  C:0415H         LINE#         358
  C:042AH         LINE#         359
  C:043FH         LINE#         360
  C:0454H         LINE#         361
  C:045BH         LINE#         362
  -------         ENDPROC       CONNECT_SERVER
  -------         PROC          REC_SERVER_DATA
  C:05EFH         LINE#         372
  C:05EFH         LINE#         373
BL51 BANKED LINKER/LOCATER V6.22.2.0                                                  01/31/2019  22:28:23  PAGE 9


  C:05EFH         LINE#         374
  C:0606H         LINE#         375
  C:0606H         LINE#         376
  C:060BH         LINE#         377
  C:060DH         LINE#         378
  C:0613H         LINE#         379
  C:062AH         LINE#         380
  C:062AH         LINE#         381
  C:062CH         LINE#         382
  C:062EH         LINE#         383
  C:0645H         LINE#         384
  C:0645H         LINE#         385
  C:0647H         LINE#         386
  C:0647H         LINE#         387
  C:0650H         LINE#         388
  C:0659H         LINE#         389
  C:0663H         LINE#         390
  C:0666H         LINE#         391
  C:0668H         LINE#         392
  C:0668H         LINE#         393
  -------         ENDPROC       REC_SERVER_DATA
  -------         PROC          SEND_OK
  C:0A13H         LINE#         404
  C:0A13H         LINE#         405
  C:0A13H         LINE#         408
  C:0A18H         LINE#         409
  -------         ENDPROC       SEND_OK
  -------         ENDMOD        MAIN

  -------         MODULE        DELAY
  C:0000H         SYMBOL        _ICE_DUMMY_
  D:00A8H         PUBLIC        IE
  D:00B8H         PUBLIC        IP
  D:00D8H         PUBLIC        CCON
  D:0098H         PUBLIC        SCON
  D:0088H         PUBLIC        TCON
  C:0026H         PUBLIC        _delay_ms
  D:00D0H         PUBLIC        PSW
  -------         PROC          _DELAY_MS
  D:0006H         SYMBOL        ms
  -------         DO            
  D:0004H         SYMBOL        i
  -------         ENDDO         
  C:0026H         LINE#         15
  C:0026H         LINE#         16
  C:0026H         LINE#         18
  C:0026H         LINE#         19
  C:002AH         LINE#         20
  C:0033H         LINE#         21
  C:003CH         LINE#         22
  -------         ENDPROC       _DELAY_MS
  -------         ENDMOD        DELAY

  -------         MODULE        UART
  C:0000H         SYMBOL        _ICE_DUMMY_
  D:00A8H         PUBLIC        IE
  B:00A8H.4       PUBLIC        ES
BL51 BANKED LINKER/LOCATER V6.22.2.0                                                  01/31/2019  22:28:23  PAGE 10


  D:00B8H         PUBLIC        IP
  B:0098H.1       PUBLIC        TI
  D:00D8H         PUBLIC        CCON
  D:0099H         PUBLIC        SBUF
  D:0087H         PUBLIC        PCON
  D:0098H         PUBLIC        SCON
  D:0088H         PUBLIC        TCON
  D:00AFH         PUBLIC        IE2
  D:008EH         PUBLIC        AUXR
  C:08ECH         PUBLIC        _UART1_SendString
  C:0911H         PUBLIC        _UART2_SendString
  C:09F1H         PUBLIC        _UART1_SendData
  C:09CDH         PUBLIC        _UART2_SendData
  D:009BH         PUBLIC        S2BUF
  C:09A3H         PUBLIC        Uart1Init
  D:009AH         PUBLIC        S2CON
  C:098DH         PUBLIC        Uart2Init
  D:009CH         PUBLIC        BRT
  D:00D0H         PUBLIC        PSW
  -------         PROC          UART1INIT
  C:09A3H         LINE#         3
  C:09A3H         LINE#         4
  C:09A3H         LINE#         5
  C:09A6H         LINE#         6
  C:09A9H         LINE#         7
  C:09ACH         LINE#         8
  C:09AFH         LINE#         9
  C:09B2H         LINE#         10
  C:09B5H         LINE#         11
  C:09B7H         LINE#         12
  -------         ENDPROC       UART1INIT
  -------         PROC          UART2INIT
  C:098DH         LINE#         14
  C:098DH         LINE#         15
  C:098DH         LINE#         16
  C:0990H         LINE#         17
  C:0993H         LINE#         18
  C:0996H         LINE#         19
  C:0999H         LINE#         20
  C:099CH         LINE#         21
  C:099FH         LINE#         22
  C:09A2H         LINE#         23
  -------         ENDPROC       UART2INIT
  -------         PROC          _UART1_SENDDATA
  D:0007H         SYMBOL        dat
  C:09F1H         LINE#         28
  C:09F1H         LINE#         29
  C:09F1H         LINE#         30
  C:09F3H         LINE#         31
  C:09F5H         LINE#         32
  C:09F8H         LINE#         33
  C:09FAH         LINE#         34
  C:09FCH         LINE#         35
  -------         ENDPROC       _UART1_SENDDATA
  -------         PROC          _UART1_SENDSTRING
  D:0041H         SYMBOL        s
  C:08ECH         LINE#         39
BL51 BANKED LINKER/LOCATER V6.22.2.0                                                  01/31/2019  22:28:23  PAGE 11


  C:08F2H         LINE#         40
  C:08F2H         LINE#         41
  C:08FDH         LINE#         42
  C:08FDH         LINE#         43
  C:090EH         LINE#         44
  C:0910H         LINE#         45
  -------         ENDPROC       _UART1_SENDSTRING
  -------         PROC          _UART2_SENDDATA
  D:0007H         SYMBOL        dat
  C:09CDH         LINE#         50
  C:09CDH         LINE#         51
  C:09CDH         LINE#         52
  C:09D0H         LINE#         53
  C:09D2H         LINE#         54
  C:09DAH         LINE#         55
  C:09DDH         LINE#         56
  C:09E0H         LINE#         57
  -------         ENDPROC       _UART2_SENDDATA
  -------         PROC          _UART2_SENDSTRING
  D:0041H         SYMBOL        s
  C:0911H         LINE#         61
  C:0917H         LINE#         62
  C:0917H         LINE#         63
  C:0922H         LINE#         64
  C:0922H         LINE#         65
  C:0933H         LINE#         66
  C:0935H         LINE#         67
  -------         ENDPROC       _UART2_SENDSTRING
  -------         ENDMOD        UART

  -------         MODULE        MQTT
  C:0000H         SYMBOL        _ICE_DUMMY_
  D:0022H         PUBLIC        Heart_ping
  D:0024H         PUBLIC        Identifier
  C:04EAH         PUBLIC        _Subscribe_Topic
  D:00A8H         PUBLIC        IE
  D:00B8H         PUBLIC        IP
  D:00D8H         PUBLIC        CCON
  D:0025H         PUBLIC        Command_Buff
  D:0098H         PUBLIC        SCON
  D:0088H         PUBLIC        TCON
  X:0104H         SYMBOL        Connect
  C:0936H         PUBLIC        Send_Heart
  C:02C4H         PUBLIC        _Publish_Msg
  D:003EH         SYMBOL        i
  C:08BEH         PUBLIC        Connect_MQTT
  D:00D0H         PUBLIC        PSW
  -------         PROC          CONNECT_MQTT
  C:08BEH         LINE#         18
  C:08BEH         LINE#         19
  C:08BEH         LINE#         20
  C:08C3H         LINE#         21
  C:08E5H         LINE#         22
  -------         ENDPROC       CONNECT_MQTT
  -------         PROC          _SUBSCRIBE_TOPIC
  D:0040H         SYMBOL        Topic
  D:0004H         SYMBOL        Topic_Len
BL51 BANKED LINKER/LOCATER V6.22.2.0                                                  01/31/2019  22:28:23  PAGE 12


  C:04EAH         LINE#         30
  C:04F0H         LINE#         31
  C:04F0H         LINE#         32
  C:04F3H         LINE#         33
  C:04F8H         LINE#         34
  C:04FBH         LINE#         35
  C:04FFH         LINE#         36
  C:0501H         LINE#         37
  C:0504H         LINE#         38
  C:0512H         LINE#         39
  C:0533H         LINE#         40
  C:053AH         LINE#         41
  C:054FH         LINE#         42
  C:0563H         LINE#         43
  C:056AH         LINE#         44
  C:056CH         LINE#         45
  -------         ENDPROC       _SUBSCRIBE_TOPIC
  -------         PROC          _PUBLISH_MSG
  D:0040H         SYMBOL        Topic
  D:0043H         SYMBOL        Topic_Len
  D:0045H         SYMBOL        Msg
  D:0048H         SYMBOL        Msg_Len
  C:02C4H         LINE#         52
  C:02CEH         LINE#         53
  C:02CEH         LINE#         54
  C:02F3H         LINE#         56
  C:02F6H         LINE#         57
  C:02FDH         LINE#         58
  C:0301H         LINE#         59
  C:0304H         LINE#         60
  C:0314H         LINE#         61
  C:032BH         LINE#         62
  C:0335H         LINE#         63
  C:033DH         LINE#         64
  C:0343H         LINE#         65
  C:0353H         LINE#         66
  C:036CH         LINE#         67
  C:0376H         LINE#         68
  C:038CH         LINE#         69
  C:038CH         LINE#         70
  C:0396H         LINE#         71
  C:03A0H         LINE#         72
  C:03A2H         LINE#         73
  -------         ENDPROC       _PUBLISH_MSG
  -------         PROC          SEND_HEART
  C:0936H         LINE#         80
  C:0936H         LINE#         81
  C:0936H         LINE#         82
  C:093BH         LINE#         83
  C:0956H         LINE#         84
  -------         ENDPROC       SEND_HEART
  -------         ENDMOD        MQTT

  -------         MODULE        ?C?CLDPTR
  C:0878H         PUBLIC        ?C?CLDPTR
  -------         ENDMOD        ?C?CLDPTR

BL51 BANKED LINKER/LOCATER V6.22.2.0                                                  01/31/2019  22:28:23  PAGE 13


  -------         MODULE        ?C?CLDOPTR
  C:0891H         PUBLIC        ?C?CLDOPTR
  -------         ENDMOD        ?C?CLDOPTR

  -------         MODULE        STRLEN
  C:09B8H         PUBLIC        _STRLEN
  -------         ENDMOD        STRLEN

  -------         MODULE        STRSTR
  D:004EH         PUBLIC        ?_strstr?BYTE
  C:056DH         PUBLIC        _strstr
  -------         ENDMOD        STRSTR

*** WARNING L16: UNCALLED SEGMENT, IGNORED FOR OVERLAY PROCESS
    SEGMENT: ?PR?REC_SERVER_DATA?MAIN

*** WARNING L16: UNCALLED SEGMENT, IGNORED FOR OVERLAY PROCESS
    SEGMENT: ?PR?SEND_OK?MAIN

*** WARNING L16: UNCALLED SEGMENT, IGNORED FOR OVERLAY PROCESS
    SEGMENT: ?PR?SEND_HEART?MQTT

Program Size: data=77.1 xdata=285 code=2575
LINK/LOCATE RUN COMPLETE.  3 WARNING(S),  0 ERROR(S)
