C51 COMPILER V9.57.0.0   LCD1602                                                           05/25/2018 14:04:04 PAGE 1   


C51 COMPILER V9.57.0.0, COMPILATION OF MODULE LCD1602
OBJECT MODULE PLACED IN lcd1602.OBJ
COMPILER INVOKED BY: D:\mdk\C51\BIN\C51.EXE lcd1602.c OPTIMIZE(8,SPEED) BROWSE DEBUG OBJECTEXTEND TABS(2)

line level    source

   1          #include"lcd1602.h"
   2          
   3          //LCD上行显示函数
   4             void lcd_display_L(unsigned char *a)
   5             {
   6   1            unsigned char i=0;
   7   1          writecom(0x80);
   8   1          for(i=0;a[i];i++)
   9   1          writedat(a[i]);
  10   1         }
  11          
  12            //LCD下行显示函数
  13            void lcd_display_H(unsigned char *b)
  14            {
  15   1            unsigned char i=0;
  16   1          writecom(0x80+0x40);
  17   1          for(i=0;b[i];i++)
  18   1          writedat(b[i]);
  19   1        }
  20          
  21              //LCD延时函数
  22             void delay10ms(unsigned char i)
  23             {
  24   1          for(i=0;i<100;i++);
  25   1         }
  26          
  27             //LCD写命令
  28             void writecom(unsigned char a)
  29              {
  30   1            rs=0;
  31   1          rw=0;
  32   1          P0=a;
  33   1          delay10ms(100);
  34   1          en=1;
  35   1          delay10ms(100);
  36   1          en=0;
  37   1          }
  38          
  39             //LCD写数据
  40            void writedat(unsigned char a)
  41            {
  42   1            rs=1;
  43   1          rw=0;
  44   1          P0=a;
  45   1          delay10ms(1);
  46   1          en=1;
  47   1          delay10ms(1);
  48   1          en=0;
  49   1        }
  50          
  51             //LCD初始化
  52            void lcdinit()
  53            {
  54   1          writecom(0x38);
  55   1            writecom(0x0c);
C51 COMPILER V9.57.0.0   LCD1602                                                           05/25/2018 14:04:04 PAGE 2   

  56   1            writecom(0x06);
  57   1          writecom(0x01); 
  58   1        }


MODULE INFORMATION:   STATIC OVERLAYABLE
   CODE SIZE        =    155    ----
   CONSTANT SIZE    =   ----    ----
   XDATA SIZE       =   ----    ----
   PDATA SIZE       =   ----    ----
   DATA SIZE        =   ----       8
   IDATA SIZE       =   ----    ----
   BIT SIZE         =   ----    ----
END OF MODULE INFORMATION.


C51 COMPILATION COMPLETE.  0 WARNING(S),  0 ERROR(S)
