C51 COMPILER V9.57.0.0   MAIN                                                              05/25/2018 19:11:27 PAGE 1   


C51 COMPILER V9.57.0.0, COMPILATION OF MODULE MAIN
OBJECT MODULE PLACED IN .\Objects\main.obj
COMPILER INVOKED BY: D:\mdk\C51\BIN\C51.EXE main.c OPTIMIZE(8,SPEED) BROWSE DEBUG OBJECTEXTEND PRINT(.\Listings\main.lst
                    -) TABS(2) OBJECT(.\Objects\main.obj)

line level    source

   1          #include "lcd.h"
   2          #include "uart.h"
   3          #include<stdio.h>
   4          #include "ADC0832.h"
   5          
   6          unsigned char Buff[2]={0};
   7          unsigned char Distance = 0;
   8          unsigned int  Pulse = 0;
   9          bit Flag;
  10          sbit LED = P2^3;
  11          
  12          void main()
  13          {
  14   1        Lcd1602_Delay1ms(10);
  15   1        TMOD &= 0Xf0;
  16   1        TMOD |= 0X01;
  17   1        TL0 = 0XB0;
  18   1        TH0 = 0X3C;
  19   1        ET0 = 1;
  20   1        TR0 = 1;
  21   1        IT0 = 1;
  22   1        EX0 = 1;
  23   1        LcdInit();
  24   1        Uart_Init(); 
  25   1       
  26   1        while(1)
  27   1        {
  28   2          if(Pulse >= 200)
  29   2            Flag = 1;
  30   2          /***************显示和发送位移信息***********/
  31   2          Distance = read0832();
*** WARNING C206 IN LINE 31 OF main.c: 'read0832': missing function-prototype
  32   2          LcdWriteCom(0X84);
  33   2          LcdWriteData(Distance/100+0X30);
  34   2          LcdWriteData(Distance%100/10+0X30);
  35   2          LcdWriteData(Distance%10+0X30);
  36   2          /********************************************/
  37   2          
  38   2          /***************显示和发送雨量信息***********/
  39   2          LcdWriteCom(0X8a);
  40   2          LcdWriteData(Pulse/100+0X30);
  41   2          LcdWriteData(Pulse%100/10+0X30);
  42   2          LcdWriteData(Pulse%10+0X30);  
  43   2          /********************************************/
  44   2          
  45   2          
  46   2          /***************显示和发送经纬度信息*********/
  47   2          LcdWriteCom(0XC1);
  48   2          LcdWriteData(Buff[0]/100+0X30);
  49   2          LcdWriteData(Buff[0]%100/10+0X30);
  50   2          LcdWriteData(Buff[0]%10+0X30);
  51   2          LcdWriteCom(0XCd);
  52   2          LcdWriteData(Buff[1]/100+0X30);
  53   2          LcdWriteData(Buff[1]%100/10+0X30);
C51 COMPILER V9.57.0.0   MAIN                                                              05/25/2018 19:11:27 PAGE 2   

  54   2          LcdWriteData(Buff[1]%10+0X30);
  55   2          /********************************************/
  56   2        }
  57   1      }
  58          
  59          void Timer_0(void) interrupt 1
  60          {
  61   1        static unsigned char i;
  62   1        
  63   1        TL0 = 0XB0;
  64   1        TH0 = 0X3C;
  65   1        i++;
  66   1        if(i == 20)
  67   1        {
  68   2          i = 0;
  69   2          /***************发送位移信息***********/
  70   2          Send_Str("Distance: ");
  71   2          Send_Byte(Distance/100+0X30);
  72   2          Send_Byte(Distance%100/10+0X30);
  73   2          Send_Byte(Distance%10+0X30);
  74   2          Send_Byte(0x0d);
  75   2          Send_Byte(0x0a);
  76   2          /**************************************/
  77   2          
  78   2          /***************发送雨量信息***********/
  79   2          Send_Str("Rainfall: ");
  80   2          Send_Byte(Pulse/100+0X30);
  81   2          Send_Byte(Pulse%100/10+0X30);
  82   2          Send_Byte(Pulse%10+0X30);
  83   2          Send_Byte(0x0d);
  84   2          Send_Byte(0x0a);
  85   2          /**************************************/
  86   2          
  87   2          /***************发送经纬度信息*********/
  88   2          Send_Str("Longitude: ");
  89   2          Send_Byte(Buff[0]/100+0X30);
  90   2          Send_Byte(Buff[0]%100/10+0X30);
  91   2          Send_Byte(Buff[0]%10+0X30);
  92   2          Send_Str(" ");
  93   2          Send_Str("Latitude: ");
  94   2          Send_Byte(Buff[1]/100+0X30);
  95   2          Send_Byte(Buff[1]%100/10+0X30);
  96   2          Send_Byte(Buff[1]%10+0X30);
  97   2          Send_Byte(0x0d);
  98   2          Send_Byte(0x0a);
  99   2          /**************************************/
 100   2          
 101   2          if(Flag)
 102   2          {
 103   3             Send_Str("Rain Reaches The Set Upper Limit !!!");
 104   3             Send_Byte(0x0d);
 105   3             Send_Byte(0x0a);
 106   3             LED = !LED;
 107   3          }
 108   2            
 109   2        }
 110   1      }
 111          
 112          void Serial_1(void) interrupt 4
 113          {
 114   1        static unsigned char i;
 115   1        if(RI)
C51 COMPILER V9.57.0.0   MAIN                                                              05/25/2018 19:11:27 PAGE 3   

 116   1        {
 117   2          RI = 0;
 118   2          Buff[i] = SBUF;
 119   2          i++;
 120   2          if(i == 2)
 121   2            i = 0;
 122   2        }
 123   1      }
 124          
 125          void exint0() interrupt 0
 126          {
 127   1        Pulse++;
 128   1      }
*** WARNING C316 IN LINE 128 OF main.c: unterminated conditionals


MODULE INFORMATION:   STATIC OVERLAYABLE
   CODE SIZE        =    697    ----
   CONSTANT SIZE    =     84    ----
   XDATA SIZE       =   ----    ----
   PDATA SIZE       =   ----    ----
   DATA SIZE        =      7    ----
   IDATA SIZE       =   ----    ----
   BIT SIZE         =      1    ----
END OF MODULE INFORMATION.


C51 COMPILATION COMPLETE.  2 WARNING(S),  0 ERROR(S)
