C51 COMPILER V9.00   MAIN                                                                  07/09/2019 15:17:03 PAGE 1   


C51 COMPILER V9.00, COMPILATION OF MODULE MAIN
OBJECT MODULE PLACED IN main.OBJ
COMPILER INVOKED BY: C:\Keil\C51\BIN\C51.EXE main.c BROWSE DEBUG OBJECTEXTEND

line level    source

   1          #include <reg51.h>
   2          #include <stdlib.h>
   3          
   4          
   5          sbit Pulse = P2^0;
   6          
   7          unsigned int Fixed_frequency = 12;
   8          #define Fixed_Period ((1.0/Fixed_frequency)*500)
   9          unsigned int Frequency = 12;
  10          #define Period ((1.0/Frequency)*500) 
  11          unsigned int Temp = 0, i = 1, Ms_20 = 0;
  12          
  13          
  14          void Timer0_Init()
  15          {
  16   1              TMOD &= 0XF0;
  17   1              TMOD |= 0X01;
  18   1              TH0 = 0X3C;
  19   1              TL0 = 0XB0;
  20   1              EA = 0;
  21   1              ET0 = 1;
  22   1              TR0 = 1;
  23   1      }
  24          
  25          void Timer1_Init()
  26          {
  27   1              TMOD &= 0X0F;
  28   1              TMOD |= 0X20;
  29   1              TH1 = TL1 = 256 - Period;
  30   1              EA = 0;
  31   1              ET1 = 1;
  32   1              TR1 = 1;
  33   1      }
  34          
  35          void main()
  36          {
  37   1              Timer0_Init();
  38   1              Timer1_Init();
  39   1              EA = 1;
  40   1      
  41   1              for(;;)
  42   1              {
  43   2                      ;
  44   2              }
  45   1      }
  46          
  47          void timer0() interrupt 1
  48          {
  49   1              TH0 = 0X3C;
  50   1              TL0 = 0XB0;
  51   1              Temp++;
  52   1              Ms_20++;
  53   1              if(     Ms_20 == 1200)
  54   1              {
  55   2                      Fixed_frequency = rand()%13 + 12;
C51 COMPILER V9.00   MAIN                                                                  07/09/2019 15:17:03 PAGE 2   

  56   2                      ET1 = 0;
  57   2                  TR1 = 0;
  58   2                      TH1 = TL1 = 256 - Fixed_Period;
  59   2                      ET1 = 1;
  60   2                  TR1 = 1;            
  61   2              }
  62   1              else if(Ms_20 == 2400)
  63   1              {
  64   2                      ET0 = 0;
  65   2                  TR0 = 0;
  66   2                      ET1 = 0;
  67   2                  TR1 = 0;            
  68   2              }
  69   1      
  70   1              if((Temp == 76) && (Ms_20 < 1200))
  71   1              {
  72   2                      Temp = 0;
  73   2                      Frequency++;
  74   2                      if(Frequency == 26)
  75   2                              Frequency = 12;
  76   2                      ET1 = 0;
  77   2                  TR1 = 0;
  78   2                      TH1 = TL1 = 256 - Period;
  79   2                      ET1 = 1;
  80   2                  TR1 = 1;            
  81   2              }
  82   1      
  83   1      }
  84          
  85          void timer1() interrupt 3
  86          {
  87   1              Pulse = !Pulse;
  88   1      }


MODULE INFORMATION:   STATIC OVERLAYABLE
   CODE SIZE        =    414    ----
   CONSTANT SIZE    =   ----    ----
   XDATA SIZE       =   ----    ----
   PDATA SIZE       =   ----    ----
   DATA SIZE        =     10    ----
   IDATA SIZE       =   ----    ----
   BIT SIZE         =   ----    ----
END OF MODULE INFORMATION.


C51 COMPILATION COMPLETE.  0 WARNING(S),  0 ERROR(S)
