C51 COMPILER V9.59.0.0   AAA                                                               03/15/2019 15:14:01 PAGE 1   


C51 COMPILER V9.59.0.0, COMPILATION OF MODULE AAA
OBJECT MODULE PLACED IN aaa.OBJ
COMPILER INVOKED BY: D:\keil C51\C51\BIN\C51.EXE aaa.c OPTIMIZE(8,SPEED) BROWSE DEBUG OBJECTEXTEND CODE TABS(2)

line level    source

   1          #include <reg52.h>
   2          #include <intrins.h>
   3          
   4          #define uint unsigned int
   5          #define uchar unsigned char
   6          
   7          uchar Sensor_Data = 0;
   8          uchar Sensor_Buff[6]=  
   9          {
  10                  0x0,0x0,0x0,0x0,0x0,0xbc
  11          };
  12          
  13          void UartInit(void);
  14          void Delay200ms();
  15          void SendData(uchar dat);
  16          void UART1_SendString(uchar *s);
  17          void Delay500us();
  18          void Delay50ms();
  19          
  20          sbit OE  = P3^7;  // 3.7
  21          sbit EOC = P3^6;  // 3.6
  22          sbit ST  = P3^5;  // 3.5
  23          sbit CLK = P3^4;  // 3.4
  24          sbit A = P2^0;
  25          sbit BB = P2^1;
  26          sbit C = P2^2;
  27          
  28          void main()  
  29          {
  30   1          uchar i = 0;
  31   1          A = 0;
  32   1          BB = 0;
  33   1          C = 0;
  34   1          UartInit();
  35   1          while(1)        
  36   1          {
  37   2            for(i = 0; i < 4; i++)
  38   2            {
  39   3              ST = 0;
  40   3              Delay500us();
  41   3              ST = 1;
  42   3              Delay500us();
  43   3              ST = 0;
  44   3              while(EOC == 0);
  45   3              OE = 1;
  46   3              Delay500us();
  47   3              Sensor_Data = P1;
  48   3              OE = 0; 
  49   3              switch (i)
  50   3              {
  51   4                case 0:
  52   4                  Sensor_Buff[1] = Sensor_Data;
  53   4                  BB = 0;
  54   4                  A = 1;          
  55   4                  break;
C51 COMPILER V9.59.0.0   AAA                                                               03/15/2019 15:14:01 PAGE 2   

  56   4                case 1:
  57   4                  Sensor_Buff[2] = Sensor_Data;
  58   4                  BB = 1;
  59   4                  A = 0;          
  60   4                  break;
  61   4                case 2:
  62   4                  Sensor_Buff[3] = Sensor_Data;
  63   4                  A = 1;
  64   4                  BB = 1;
  65   4                  break;
  66   4                case 3:
  67   4                  Sensor_Buff[4] = Sensor_Data;
  68   4                  BB = A = 0;
  69   4                  break;
  70   4              } 
  71   3            }
  72   2            Delay50ms();
  73   2            Sensor_Buff[0] = Sensor_Buff[1] + Sensor_Buff[2] + Sensor_Buff[3] + Sensor_Buff[4];
  74   2            UART1_SendString(Sensor_Buff);
  75   2      
  76   2          }
  77   1      }
  78          
  79          
  80          void SendData(uchar dat)
  81          {
  82   1        SBUF = dat;
  83   1        while(!TI);
  84   1        TI = 0;
  85   1      }
  86          
  87          void UART1_SendString(uchar *s)
  88          {
  89   1        int i;
  90   1        for(i = 0; i < 6; i++)
  91   1        {
  92   2          SendData(s[i]);//发送当前字符
  93   2        }
  94   1      }
  95          
  96          void UartInit(void)   //9600bps@11.0592MHz
  97          {
  98   1        PCON = 0x0;
  99   1        SCON = 0x50;    //8位数据,可变波特率
 100   1        TMOD &= 0x0F;   //清除定时器1模式位
 101   1        TMOD |= 0x20;   //设定定时器1为8位自动重装方式
 102   1        TL1 = 0xFD;   //设定定时初值
 103   1        TH1 = 0xFD;   //设定定时器重装值
 104   1        TR1 = 1;    //启动定时器1
 105   1      }
 106          
 107          void Delay50ms()    //@11.0592MHz
 108          {
 109   1        unsigned char i, j;
 110   1      
 111   1        i = 90;
 112   1        j = 163;
 113   1        do
 114   1        {
 115   2          while (--j);
 116   2        } while (--i);
 117   1      }
C51 COMPILER V9.59.0.0   AAA                                                               03/15/2019 15:14:01 PAGE 3   

 118          
 119          void Delay200ms()   //@11.0592MHz
 120          {
 121   1        unsigned char i, j, k;
 122   1      
 123   1        _nop_();
 124   1        i = 2;
 125   1        j = 103;
 126   1        k = 147;
 127   1        do
 128   1        {
 129   2          do
 130   2          {
 131   3            while (--k);
 132   3          } while (--j);
 133   2        } while (--i);
 134   1      }
 135          
 136          void Delay500us()   //@11.0592MHz
 137          {
 138   1        unsigned char i;
 139   1      
 140   1        _nop_();
 141   1        i = 227;
 142   1        while (--i);
 143   1      }
C51 COMPILER V9.59.0.0   AAA                                                               03/15/2019 15:14:01 PAGE 4   

ASSEMBLY LISTING OF GENERATED OBJECT CODE


             ; FUNCTION main (BEGIN)
                                           ; SOURCE LINE # 28
                                           ; SOURCE LINE # 29
                                           ; SOURCE LINE # 30
0000 E4                CLR     A
0001 F500        R     MOV     i,A
                                           ; SOURCE LINE # 31
0003 C2A0              CLR     A
                                           ; SOURCE LINE # 32
0005 C2A1              CLR     BB
                                           ; SOURCE LINE # 33
0007 C2A2              CLR     C
                                           ; SOURCE LINE # 34
0009 120000      R     LCALL   UartInit
000C         ?C0001:
                                           ; SOURCE LINE # 35
                                           ; SOURCE LINE # 36
                                           ; SOURCE LINE # 37
000C E4                CLR     A
000D F500        R     MOV     i,A
000F         ?C0003:
000F C3                CLR     C
0010 E500        R     MOV     A,i
0012 9404              SUBB    A,#04H
0014 7480              MOV     A,#080H
0016 9480              SUBB    A,#080H
0018 504E              JNC     ?C0004
                                           ; SOURCE LINE # 38
                                           ; SOURCE LINE # 39
001A C2B5              CLR     ST
                                           ; SOURCE LINE # 40
001C 120000      R     LCALL   Delay500us
                                           ; SOURCE LINE # 41
001F D2B5              SETB    ST
                                           ; SOURCE LINE # 42
0021 120000      R     LCALL   Delay500us
                                           ; SOURCE LINE # 43
0024 C2B5              CLR     ST
0026         ?C0006:
                                           ; SOURCE LINE # 44
0026 30B6FD            JNB     EOC,?C0006
                                           ; SOURCE LINE # 45
0029 D2B7              SETB    OE
                                           ; SOURCE LINE # 46
002B 120000      R     LCALL   Delay500us
                                           ; SOURCE LINE # 47
002E 859000      R     MOV     Sensor_Data,P1
                                           ; SOURCE LINE # 48
0031 C2B7              CLR     OE
                                           ; SOURCE LINE # 49
0033 E500        R     MOV     A,i
0035 14                DEC     A
0036 6013              JZ      ?C0010
0038 14                DEC     A
0039 6019              JZ      ?C0011
003B 14                DEC     A
003C 601F              JZ      ?C0012
003E 2403              ADD     A,#03H
0040 7022              JNZ     ?C0005
C51 COMPILER V9.59.0.0   AAA                                                               03/15/2019 15:14:01 PAGE 5   

                                           ; SOURCE LINE # 50
                                           ; SOURCE LINE # 51
0042         ?C0009:
                                           ; SOURCE LINE # 52
0042 850000      R     MOV     Sensor_Buff+01H,Sensor_Data
                                           ; SOURCE LINE # 53
0045 C2A1              CLR     BB
                                           ; SOURCE LINE # 54
0047 D2A0              SETB    A
                                           ; SOURCE LINE # 55
0049 8019              SJMP    ?C0005
                                           ; SOURCE LINE # 56
004B         ?C0010:
                                           ; SOURCE LINE # 57
004B 850000      R     MOV     Sensor_Buff+02H,Sensor_Data
                                           ; SOURCE LINE # 58
004E D2A1              SETB    BB
                                           ; SOURCE LINE # 59
0050 C2A0              CLR     A
                                           ; SOURCE LINE # 60
0052 8010              SJMP    ?C0005
                                           ; SOURCE LINE # 61
0054         ?C0011:
                                           ; SOURCE LINE # 62
0054 850000      R     MOV     Sensor_Buff+03H,Sensor_Data
                                           ; SOURCE LINE # 63
0057 D2A0              SETB    A
                                           ; SOURCE LINE # 64
0059 D2A1              SETB    BB
                                           ; SOURCE LINE # 65
005B 8007              SJMP    ?C0005
                                           ; SOURCE LINE # 66
005D         ?C0012:
                                           ; SOURCE LINE # 67
005D 850000      R     MOV     Sensor_Buff+04H,Sensor_Data
                                           ; SOURCE LINE # 68
0060 C2A0              CLR     A
0062 C2A1              CLR     BB
                                           ; SOURCE LINE # 69
                                           ; SOURCE LINE # 70
                                           ; SOURCE LINE # 71
0064         ?C0005:
0064 0500        R     INC     i
0066 80A7              SJMP    ?C0003
0068         ?C0004:
                                           ; SOURCE LINE # 72
0068 120000      R     LCALL   Delay50ms
                                           ; SOURCE LINE # 73
006B E500        R     MOV     A,Sensor_Buff+01H
006D 2500        R     ADD     A,Sensor_Buff+02H
006F 2500        R     ADD     A,Sensor_Buff+03H
0071 2500        R     ADD     A,Sensor_Buff+04H
0073 F500        R     MOV     Sensor_Buff,A
                                           ; SOURCE LINE # 74
0075 7B00              MOV     R3,#00H
0077 7A00        R     MOV     R2,#HIGH Sensor_Buff
0079 7900        R     MOV     R1,#LOW Sensor_Buff
007B 120000      R     LCALL   _UART1_SendString
                                           ; SOURCE LINE # 76
007E 808C              SJMP    ?C0001
             ; FUNCTION main (END)

C51 COMPILER V9.59.0.0   AAA                                                               03/15/2019 15:14:01 PAGE 6   

             ; FUNCTION _SendData (BEGIN)
                                           ; SOURCE LINE # 80
;---- Variable 'dat' assigned to Register 'R7' ----
                                           ; SOURCE LINE # 81
                                           ; SOURCE LINE # 82
0000 8F99              MOV     SBUF,R7
0002         ?C0014:
                                           ; SOURCE LINE # 83
0002 3099FD            JNB     TI,?C0014
                                           ; SOURCE LINE # 84
0005 C299              CLR     TI
                                           ; SOURCE LINE # 85
0007 22                RET     
             ; FUNCTION _SendData (END)

             ; FUNCTION _UART1_SendString (BEGIN)
                                           ; SOURCE LINE # 87
0000 8B00        R     MOV     s,R3
0002 8A00        R     MOV     s+01H,R2
0004 8900        R     MOV     s+02H,R1
                                           ; SOURCE LINE # 88
                                           ; SOURCE LINE # 90
;---- Variable 'i' assigned to Register 'R4/R5' ----
0006 E4                CLR     A
0007 FD                MOV     R5,A
0008 FC                MOV     R4,A
0009         ?C0017:
                                           ; SOURCE LINE # 91
                                           ; SOURCE LINE # 92
0009 AB00        R     MOV     R3,s
000B AA00        R     MOV     R2,s+01H
000D A900        R     MOV     R1,s+02H
000F 8D82              MOV     DPL,R5
0011 8C83              MOV     DPH,R4
0013 120000      E     LCALL   ?C?CLDOPTR
0016 FF                MOV     R7,A
0017 120000      R     LCALL   _SendData
                                           ; SOURCE LINE # 93
001A 0D                INC     R5
001B BD0001            CJNE    R5,#00H,?C0040
001E 0C                INC     R4
001F         ?C0040:
001F ED                MOV     A,R5
0020 6406              XRL     A,#06H
0022 4C                ORL     A,R4
0023 70E4              JNZ     ?C0017
                                           ; SOURCE LINE # 94
0025         ?C0020:
0025 22                RET     
             ; FUNCTION _UART1_SendString (END)

             ; FUNCTION UartInit (BEGIN)
                                           ; SOURCE LINE # 96
                                           ; SOURCE LINE # 97
                                           ; SOURCE LINE # 98
0000 E4                CLR     A
0001 F587              MOV     PCON,A
                                           ; SOURCE LINE # 99
0003 759850            MOV     SCON,#050H
                                           ; SOURCE LINE # 100
0006 53890F            ANL     TMOD,#0FH
                                           ; SOURCE LINE # 101
C51 COMPILER V9.59.0.0   AAA                                                               03/15/2019 15:14:01 PAGE 7   

0009 438920            ORL     TMOD,#020H
                                           ; SOURCE LINE # 102
000C 758BFD            MOV     TL1,#0FDH
                                           ; SOURCE LINE # 103
000F 758DFD            MOV     TH1,#0FDH
                                           ; SOURCE LINE # 104
0012 D28E              SETB    TR1
                                           ; SOURCE LINE # 105
0014 22                RET     
             ; FUNCTION UartInit (END)

             ; FUNCTION Delay50ms (BEGIN)
                                           ; SOURCE LINE # 107
                                           ; SOURCE LINE # 108
                                           ; SOURCE LINE # 111
;---- Variable 'i' assigned to Register 'R7' ----
0000 7F5A              MOV     R7,#05AH
                                           ; SOURCE LINE # 112
;---- Variable 'j' assigned to Register 'R6' ----
0002 7EA3              MOV     R6,#0A3H
                                           ; SOURCE LINE # 114
0004         ?C0025:
                                           ; SOURCE LINE # 115
0004 DEFE              DJNZ    R6,?C0025
                                           ; SOURCE LINE # 116
0006 DFFC              DJNZ    R7,?C0025
                                           ; SOURCE LINE # 117
0008 22                RET     
             ; FUNCTION Delay50ms (END)

             ; FUNCTION Delay200ms (BEGIN)
                                           ; SOURCE LINE # 119
                                           ; SOURCE LINE # 120
                                           ; SOURCE LINE # 123
0000 00                NOP     
                                           ; SOURCE LINE # 124
;---- Variable 'i' assigned to Register 'R7' ----
0001 7F02              MOV     R7,#02H
                                           ; SOURCE LINE # 125
;---- Variable 'j' assigned to Register 'R6' ----
0003 7E67              MOV     R6,#067H
                                           ; SOURCE LINE # 126
;---- Variable 'k' assigned to Register 'R5' ----
0005 7D93              MOV     R5,#093H
                                           ; SOURCE LINE # 128
                                           ; SOURCE LINE # 130
0007         ?C0034:
                                           ; SOURCE LINE # 131
0007 DDFE              DJNZ    R5,?C0034
                                           ; SOURCE LINE # 132
0009 DEFC              DJNZ    R6,?C0034
                                           ; SOURCE LINE # 133
000B DFFA              DJNZ    R7,?C0034
                                           ; SOURCE LINE # 134
000D 22                RET     
             ; FUNCTION Delay200ms (END)

             ; FUNCTION Delay500us (BEGIN)
                                           ; SOURCE LINE # 136
                                           ; SOURCE LINE # 137
                                           ; SOURCE LINE # 140
0000 00                NOP     
C51 COMPILER V9.59.0.0   AAA                                                               03/15/2019 15:14:01 PAGE 8   

                                           ; SOURCE LINE # 141
;---- Variable 'i' assigned to Register 'R7' ----
0001 7FE3              MOV     R7,#0E3H
0003         ?C0037:
                                           ; SOURCE LINE # 142
0003 DFFE              DJNZ    R7,?C0037
                                           ; SOURCE LINE # 143
0005 22                RET     
             ; FUNCTION Delay500us (END)



MODULE INFORMATION:   STATIC OVERLAYABLE
   CODE SIZE        =    224    ----
   CONSTANT SIZE    =   ----    ----
   XDATA SIZE       =   ----    ----
   PDATA SIZE       =   ----    ----
   DATA SIZE        =      7       4
   IDATA SIZE       =   ----    ----
   BIT SIZE         =   ----    ----
END OF MODULE INFORMATION.


C51 COMPILATION COMPLETE.  0 WARNING(S),  0 ERROR(S)
