C51 COMPILER V9.56.0.0   FALL                                                              11/06/2017 18:22:28 PAGE 1   


C51 COMPILER V9.56.0.0, COMPILATION OF MODULE FALL
OBJECT MODULE PLACED IN .\Objects\Fall.obj
COMPILER INVOKED BY: C:\Keil_v5\C51\BIN\C51.EXE Fall.c OPTIMIZE(8,SPEED) BROWSE DEBUG OBJECTEXTEND PRINT(.\Listings\Fall
                    -.lst) TABS(2) OBJECT(.\Objects\Fall.obj)

line level    source

   1          #include "Fall.h"
   2          
   3          void Fall_Interrupt_Init()
   4          {
   5   1         EA = 1;
   6   1         EX0 = 1;
   7   1         IT0 = 1;
   8   1      }
   9          


MODULE INFORMATION:   STATIC OVERLAYABLE
   CODE SIZE        =      7    ----
   CONSTANT SIZE    =   ----    ----
   XDATA SIZE       =   ----    ----
   PDATA SIZE       =   ----    ----
   DATA SIZE        =   ----    ----
   IDATA SIZE       =   ----    ----
   BIT SIZE         =   ----    ----
END OF MODULE INFORMATION.


C51 COMPILATION COMPLETE.  0 WARNING(S),  0 ERROR(S)
